
=== List Tools ===
[
  "cargar_dataset",
  "ejecutar_pca"
]

=== List Resources ===
[
  "data://datasets"
]

=== List Resource Templates ===
[
  "data://datasets/{nombre}"
]

=== List Prompts ===
[
  "interpretar_componentes"
]

=== [1/5] TOOL cargar_dataset(nombre='iris')  isError=False ===
{
  "nombre": "iris",
  "filas": 150,
  "columnas_numericas": [
    "sepal length (cm)",
    "sepal width (cm)",
    "petal length (cm)",
    "petal width (cm)"
  ],
  "columnas_categoricas": [
    "species"
  ]
}

=== [2/5] TOOL ejecutar_pca(nombre='iris', n_componentes=2)  isError=False ===
{
  "dataset": "iris",
  "filas_usadas": 150,
  "variables_originales": [
    "sepal length (cm)",
    "sepal width (cm)",
    "petal length (cm)",
    "petal width (cm)"
  ],
  "n_componentes": 2,
  "varianza_explicada_por_componente": [
    0.7296,
    0.2285
  ],
  "varianza_acumulada": 0.9581,
  "cargas": {
    "PC1": {
      "sepal length (cm)": 0.5211,
      "sepal width (cm)": -0.2693,
      "petal length (cm)": 0.5804,
      "petal width (cm)": 0.5649
    },
    "PC2": {
      "sepal length (cm)": 0.3774,
      "sepal width (cm)": 0.9233,
      "petal length (cm)": 0.0245,
      "petal width (cm)": 0.0669
    }
  }
}

=== [3/5] RESOURCE data://datasets  mime=application/json ===
[
  "iris",
  "wine"
]

=== [4/5] RESOURCE data://datasets/wine  mime=application/json ===
{
  "nombre": "wine",
  "filas": 178,
  "columnas_numericas": [
    "alcohol",
    "malic_acid",
    "ash",
    "alcalinity_of_ash",
    "magnesium",
    "total_phenols",
    "flavanoids",
    "nonflavanoid_phenols",
    "proanthocyanins",
    "color_intensity",
    "hue",
    "od280/od315_of_diluted_wines",
    "proline"
  ],
  "columnas_categoricas": [
    "cultivar"
  ]
}

=== [5/5] PROMPT interpretar_componentes(nombre='iris', n_componentes=2) ===
[user] 
Ejecuta PCA sobre el dataset 'iris' con 2 componentes usando
la tool ejecutar_pca y, con el resultado, interpreta cada componente:

1. Identifica las 2-3 variables con mayor carga (en valor absoluto) en cada componente.
2. Explica qué patrón del dominio de 'iris' podría representar cada componente
   a partir de esas variables, no solo cuánta varianza captura.
3. Indica si el signo de las cargas tiene una lectura razonable (p. ej. variables
   que se oponen entre sí dentro del mismo componente).

Termina diciendo si 2 componentes alcanzan según la varianza
acumulada, o si convendría usar más o menos.



##### Casos de error / límites de permisos #####

=== tool con dataset inexistente ('no_existe')  isError=True ===
Error executing tool cargar_dataset

=== tool con path traversal ('../pca_utils')  isError=True ===
Error executing tool cargar_dataset

=== ejecutar_pca n_componentes=9 (iris solo tiene 4)  isError=True ===
Error executing tool ejecutar_pca

=== resource data://datasets/../pca_utils ===
rechazado: Unknown resource: data://datasets/../pca_utils